********************************************************************************
* ugshell - ug4.0.2, head revision 'a824cb1',                                  *
*                    compiled 'Thu Mar 24 10:20:26 PM GMT 2022'                *
*                    on 'shp'.                                                 *
*                                                                              *
* arguments:                                                                   *
*   -outproc id:         Sets the output-proc to id. Default is 0.             *
*   -ex scriptname:      Executes the specified script.                        *
*   -noquit:             Runs the interactive shell after specified script.    *
*   -quiet:              Disables printing of header and trailer.              *
*   -help:               Print this help message and exit.                     *
*   -noterm:             Terminal logging will be disabled.                    *
*   -logtofile filename: Output will be written to the specified file.         *
*   -call:               Combines all following arguments to one lua command   *
*                        and executes it. Ignored if it follows '-ex'.         *
*                        '(', ')', and '"' have to be escaped, e.g.: '\('      *
* Additional parameters are passed to the script through ugargc and ugargv.    *
*                                                                              *
* Initializing: paths... done, bridge... done, plugins... done                 *
********************************************************************************
Loading Plugin Lua Content from /home/felix/extern/ughub/plugins/d3f/lua/lua-include.lua
 Choosen Parater:
    dim              = 2
    numTotalRefs     = 0
    numPreRefs       = 0
    grid             = grids/cylinder.ugx
    porder           = 1
    vorder           = 1
    type             = fe
    only stokes      = false
    no laplace       = false
    exact jacobian   = false
    peclet blend     = false
    upwind           = full
    stab             = flow
    diffLength       = cor
Pre-Refining(0): done. Distributing... done. Post-Refining(0): done.
| ----------------------------------------------------------------------------------------------------------------------- |
|  Number of DoFs (All Procs)                                                                                             |
|  Algebra: Block 1 (divide by 1 for #Index)                                                                              |
|                                                                                                                         |
|    GridLevel   |       Domain |     0: Inner |     1: Inlet |    2: Outlet | 3: UpperWall | 4: LowerWall | 5: Cylinde.. |
| ----------------------------------------------------------------------------------------------------------------------- |
| (surf, top)    |          867 |          621 |           21 |           21 |           78 |           78 |           48 |
| ----------------------------------------------------------------------------------------------------------------------- |
| For Legend and Options: print_statistic("legend").                                                                      |
| ----------------------------------------------------------------------------------------------------------------------- |
NewtonSolver
 LinearSolver: 
 | BiCGStab( restart = 0, min_orthogonality = 1e-20)
 |  Convergence Check: StdConvCheck( max steps = 10000, min defect = 5e-12, relative reduction = 0.01)
 |  Preconditioner: 
 |  # GeometricMultigrid (V-Cycle)
 |  #  Smoother (3x pre, 3x post): ComponentGaussSeidel( damping = ConstantDamping(1))
 |  #  Basesolver ( Baselevel = 0, gathered base = true): 
 |  #  [ LU Decomposition: Direct Solver for Linear Equation Systems.
 |  #  [  Minimum Entries for Sparse LU: 4000
 ConvergenceCheck: StdConvCheck( max steps = 500, min defect = 1e-11, relative reduction = 1e-99)
 LineSearch: StandardLineSearch( maxSteps = 10, lambdaStart = 1, lambdaReduce = 0.9, accept best = true check all = true


   # ########        Newton Solver        #################
   # ########  (Linear Solver: BiCGStab)  #################
   #   Iter      Defect         Rate 
   #    0:    3.599282e-02      -------

      % %%%%%%%%             BiCGStab              %%%%%%%%%%%
      % %%%%%%%%   (Precond: Geometric MultiGrid)  %%%%%%%%%%%
      %   Iter      Defect         Rate 
      %    0:    3.599282e-02      -------
      %    1:    1.478326e-16    4.107280e-15
      % Absolute defect norm 5.000000e-12 reached after 1 steps.
      % Relative reduction 1.000000e-02 reached after 1 steps.
      % Average reduction over 1 steps: 4.107280e-15
      % %%%%%  Iteration converged  %%%%%

   #     ++++ Line Search:
   +  Iter       lambda        Defect          Rate 
   #     +    1:             1     4.843069e-03   1.345565e-01
   #     +    2:           0.9     5.403133e-03   1.501169e-01
   #     +    3:          0.81     7.659887e-03   2.128171e-01
   #     +    4:         0.729     1.022077e-02   2.839669e-01
   #     +    5:        0.6561     1.268822e-02   3.525208e-01
   #     +    6:       0.59049     1.496953e-02   4.159032e-01
   #     +    7:      0.531441     1.704857e-02   4.736659e-01
   #     +    8:      0.478297     1.893172e-02   5.259859e-01
   #     +    9:      0.430467     2.063240e-02   5.732364e-01
   #     +   10:       0.38742     2.216594e-02   6.158432e-01
   #     ++++ Accept Best: Accepting step 1, Rate = 1.345565e-01.
   #     ++++ Line Search converged.
   #    1:    4.843069e-03    1.345565e-01

      % %%%%%%%%             BiCGStab              %%%%%%%%%%%
      % %%%%%%%%   (Precond: Geometric MultiGrid)  %%%%%%%%%%%
      %   Iter      Defect         Rate 
      %    0:    4.843069e-03      -------
      %    1:    1.719670e-17    3.550786e-15
      % Absolute defect norm 5.000000e-12 reached after 1 steps.
      % Relative reduction 1.000000e-02 reached after 1 steps.
      % Average reduction over 1 steps: 3.550786e-15
      % %%%%%  Iteration converged  %%%%%

   #     ++++ Line Search:
   +  Iter       lambda        Defect          Rate 
   #     +    1:             1     1.103860e-03   2.279256e-01
   #     +    2:           0.9     1.138879e-03   2.351564e-01
   #     +    3:          0.81     1.327210e-03   2.740432e-01
   #     +    4:         0.729     1.581234e-03   3.264942e-01
   #     +    5:        0.6561     1.851243e-03   3.822458e-01
   #     +    6:       0.59049     2.115472e-03   4.368040e-01
   #     +    7:      0.531441     2.365063e-03   4.883397e-01
   #     +    8:      0.478297     2.596753e-03   5.361793e-01
   #     +    9:      0.430467     2.809775e-03   5.801642e-01
   #     +   10:       0.38742     3.004514e-03   6.203740e-01
   #     ++++ Accept Best: Accepting step 1, Rate = 2.279256e-01.
   #     ++++ Line Search converged.
   #    2:    1.103860e-03    2.279256e-01

      % %%%%%%%%             BiCGStab              %%%%%%%%%%%
      % %%%%%%%%   (Precond: Geometric MultiGrid)  %%%%%%%%%%%
      %   Iter      Defect         Rate 
      %    0:    1.103860e-03      -------
      %    1:    1.696128e-17    1.536543e-14
      % Absolute defect norm 5.000000e-12 reached after 1 steps.
      % Relative reduction 1.000000e-02 reached after 1 steps.
      % Average reduction over 1 steps: 1.536543e-14
      % %%%%%  Iteration converged  %%%%%

   #     ++++ Line Search:
   +  Iter       lambda        Defect          Rate 
   #     +    1:             1     3.951857e-04   3.580036e-01
   #     +    2:           0.9     4.240772e-04   3.841767e-01
   #     +    3:          0.81     4.661313e-04   4.222741e-01
   #     +    4:         0.729     5.136838e-04   4.653524e-01
   #     +    5:        0.6561     5.622687e-04   5.093661e-01
   #     +    6:       0.59049     6.095107e-04   5.521633e-01
   #     +    7:      0.531441     6.542278e-04   5.926730e-01
   #     +    8:      0.478297     6.958922e-04   6.304173e-01
   #     +    9:      0.430467     7.343330e-04   6.652413e-01
   #     +   10:       0.38742     7.695725e-04   6.971652e-01
   #     ++++ Accept Best: Accepting step 1, Rate = 3.580036e-01.
   #     ++++ Line Search converged.
   #    3:    3.951857e-04    3.580036e-01

      % %%%%%%%%             BiCGStab              %%%%%%%%%%%
      % %%%%%%%%   (Precond: Geometric MultiGrid)  %%%%%%%%%%%
      %   Iter      Defect         Rate 
      %    0:    3.951857e-04      -------
      %    1:    5.119162e-17    1.295381e-13
      % Absolute defect norm 5.000000e-12 reached after 1 steps.
      % Relative reduction 1.000000e-02 reached after 1 steps.
      % Average reduction over 1 steps: 1.295381e-13
      % %%%%%  Iteration converged  %%%%%

   #     ++++ Line Search:
   +  Iter       lambda        Defect          Rate 
   #     +    1:             1     9.860192e-05   2.495078e-01
   #     +    2:           0.9     1.250880e-04   3.165298e-01
   #     +    3:          0.81     1.503142e-04   3.803634e-01
   #     +    4:         0.729     1.736839e-04   4.394995e-01
   #     +    5:        0.6561     1.950827e-04   4.936483e-01
   #     +    6:       0.59049     2.145632e-04   5.429428e-01
   #     +    7:      0.531441     2.322393e-04   5.876713e-01
   #     +    8:      0.478297     2.482458e-04   6.281750e-01
   #     +    9:      0.430467     2.627210e-04   6.648039e-01
   #     +   10:       0.38742     2.757992e-04   6.978979e-01
   #     ++++ Accept Best: Accepting step 1, Rate = 2.495078e-01.
   #     ++++ Line Search converged.
   #    4:    9.860192e-05    2.495078e-01

      % %%%%%%%%             BiCGStab              %%%%%%%%%%%
      % %%%%%%%%   (Precond: Geometric MultiGrid)  %%%%%%%%%%%
      %   Iter      Defect         Rate 
      %    0:    9.860192e-05      -------
      %    1:    1.982630e-18    2.010742e-14
      % Absolute defect norm 5.000000e-12 reached after 1 steps.
      % Relative reduction 1.000000e-02 reached after 1 steps.
      % Average reduction over 1 steps: 2.010742e-14
      % %%%%%  Iteration converged  %%%%%

   #     ++++ Line Search:
   +  Iter       lambda        Defect          Rate 
   #     +    1:             1     2.515191e-05   2.550854e-01
   #     +    2:           0.9     3.212976e-05   3.258533e-01
   #     +    3:          0.81     3.858020e-05   3.912723e-01
   #     +    4:         0.729     4.446457e-05   4.509504e-01
   #     +    5:        0.6561     4.980250e-05   5.050866e-01
   #     +    6:       0.59049     5.463116e-05   5.540577e-01
   #     +    7:      0.531441     5.899225e-05   5.982870e-01
   #     +    8:      0.478297     6.292728e-05   6.381953e-01
   #     +    9:      0.430467     6.647567e-05   6.741823e-01
   #     +   10:       0.38742     6.967403e-05   7.066194e-01
   #     ++++ Accept Best: Accepting step 1, Rate = 2.550854e-01.
   #     ++++ Line Search converged.
   #    5:    2.515191e-05    2.550854e-01

      % %%%%%%%%             BiCGStab              %%%%%%%%%%%
      % %%%%%%%%   (Precond: Geometric MultiGrid)  %%%%%%%%%%%
      %   Iter      Defect         Rate 
      %    0:    2.515191e-05      -------
      %    1:    9.779173e-18    3.888044e-13
      % Absolute defect norm 5.000000e-12 reached after 1 steps.
      % Relative reduction 1.000000e-02 reached after 1 steps.
      % Average reduction over 1 steps: 3.888044e-13
      % %%%%%  Iteration converged  %%%%%

   #     ++++ Line Search:
   +  Iter       lambda        Defect          Rate 
   #     +    1:             1     6.106592e-06   2.427884e-01
   #     +    2:           0.9     7.913268e-06   3.146190e-01
   #     +    3:          0.81     9.587056e-06   3.811661e-01
   #     +    4:         0.729     1.111470e-05   4.419027e-01
   #     +    5:        0.6561     1.250047e-05   4.969989e-01
   #     +    6:       0.59049     1.375384e-05   5.468308e-01
   #     +    7:      0.531441     1.488561e-05   5.918283e-01
   #     +    8:      0.478297     1.590660e-05   6.324210e-01
   #     +    9:      0.430467     1.682707e-05   6.690175e-01
   #     +   10:       0.38742     1.765658e-05   7.019976e-01
   #     ++++ Accept Best: Accepting step 1, Rate = 2.427884e-01.
   #     ++++ Line Search converged.
   #    6:    6.106592e-06    2.427884e-01

      % %%%%%%%%             BiCGStab              %%%%%%%%%%%
      % %%%%%%%%   (Precond: Geometric MultiGrid)  %%%%%%%%%%%
      %   Iter      Defect         Rate 
      %    0:    6.106592e-06      -------
      %    1:    1.021120e-17    1.672160e-12
      % Absolute defect norm 5.000000e-12 reached after 1 steps.
      % Relative reduction 1.000000e-02 reached after 1 steps.
      % Average reduction over 1 steps: 1.672160e-12
      % %%%%%  Iteration converged  %%%%%

   #     ++++ Line Search:
   +  Iter       lambda        Defect          Rate 
   #     +    1:             1     1.428672e-06   2.339557e-01
   #     +    2:           0.9     1.873088e-06   3.067321e-01
   #     +    3:          0.81     2.284729e-06   3.741414e-01
   #     +    4:         0.729     2.660264e-06   4.356381e-01
   #     +    5:        0.6561     3.000802e-06   4.914037e-01
   #     +    6:       0.59049     3.308715e-06   5.418268e-01
   #     +    7:      0.531441     3.586697e-06   5.873484e-01
   #     +    8:      0.478297     3.837425e-06   6.284069e-01
   #     +    9:      0.430467     4.063439e-06   6.654185e-01
   #     +   10:       0.38742     4.267097e-06   6.987689e-01
   #     ++++ Accept Best: Accepting step 1, Rate = 2.339557e-01.
   #     ++++ Line Search converged.
   #    7:    1.428672e-06    2.339557e-01

      % %%%%%%%%             BiCGStab              %%%%%%%%%%%
      % %%%%%%%%   (Precond: Geometric MultiGrid)  %%%%%%%%%%%
      %   Iter      Defect         Rate 
      %    0:    1.428672e-06      -------
      %    1:    1.626817e-17    1.138692e-11
      % Absolute defect norm 5.000000e-12 reached after 1 steps.
      % Relative reduction 1.000000e-02 reached after 1 steps.
      % Average reduction over 1 steps: 1.138692e-11
      % %%%%%  Iteration converged  %%%%%

   #     ++++ Line Search:
   +  Iter       lambda        Defect          Rate 
   #     +    1:             1     3.246308e-07   2.272256e-01
   #     +    2:           0.9     4.299062e-07   3.009132e-01
   #     +    3:          0.81     5.272532e-07   3.690513e-01
   #     +    4:         0.729     6.159712e-07   4.311495e-01
   #     +    5:        0.6561     6.963697e-07   4.874245e-01
   #     +    6:       0.59049     7.690351e-07   5.382867e-01
   #     +    7:      0.531441     8.346172e-07   5.841910e-01
   #     +    8:      0.478297     8.937568e-07   6.255858e-01
   #     +    9:      0.430467     9.470586e-07   6.628944e-01
   #     +   10:       0.38742     9.950819e-07   6.965083e-01
   #     ++++ Accept Best: Accepting step 1, Rate = 2.272256e-01.
   #     ++++ Line Search converged.
   #    8:    3.246308e-07    2.272256e-01

      % %%%%%%%%             BiCGStab              %%%%%%%%%%%
      % %%%%%%%%   (Precond: Geometric MultiGrid)  %%%%%%%%%%%
      %   Iter      Defect         Rate 
      %    0:    3.246308e-07      -------
      %    1:    6.760384e-18    2.082484e-11
      % Absolute defect norm 5.000000e-12 reached after 1 steps.
      % Relative reduction 1.000000e-02 reached after 1 steps.
      % Average reduction over 1 steps: 2.082484e-11
      % %%%%%  Iteration converged  %%%%%

   #     ++++ Line Search:
   +  Iter       lambda        Defect          Rate 
   #     +    1:             1     7.198760e-08   2.217522e-01
   #     +    2:           0.9     9.593634e-08   2.955245e-01
   #     +    3:          0.81     1.181649e-07   3.639979e-01
   #     +    4:         0.729     1.384536e-07   4.264956e-01
   #     +    5:        0.6561     1.568534e-07   4.831748e-01
   #     +    6:       0.59049     1.734905e-07   5.344240e-01
   #     +    7:      0.531441     1.885098e-07   5.806898e-01
   #     +    8:      0.478297     2.020560e-07   6.224179e-01
   #     +    9:      0.430467     2.142666e-07   6.600316e-01
   #     +   10:       0.38742     2.252689e-07   6.939235e-01
   #     ++++ Accept Best: Accepting step 1, Rate = 2.217522e-01.
   #     ++++ Line Search converged.
   #    9:    7.198760e-08    2.217522e-01

      % %%%%%%%%             BiCGStab              %%%%%%%%%%%
      % %%%%%%%%   (Precond: Geometric MultiGrid)  %%%%%%%%%%%
      %   Iter      Defect         Rate 
      %    0:    7.198760e-08      -------
      %    1:    3.405292e-18    4.730387e-11
      % Absolute defect norm 5.000000e-12 reached after 1 steps.
      % Relative reduction 1.000000e-02 reached after 1 steps.
      % Average reduction over 1 steps: 4.730387e-11
      % %%%%%  Iteration converged  %%%%%

   #     ++++ Line Search:
   +  Iter       lambda        Defect          Rate 
   #     +    1:             1     1.602919e-08   2.226660e-01
   #     +    2:           0.9     2.121345e-08   2.946820e-01
   #     +    3:          0.81     2.608974e-08   3.624199e-01
   #     +    4:         0.729     3.056727e-08   4.246185e-01
   #     +    5:        0.6561     3.464105e-08   4.812086e-01
   #     +    6:       0.59049     3.833170e-08   5.324764e-01
   #     +    7:      0.531441     4.166768e-08   5.788176e-01
   #     +    8:      0.478297     4.467912e-08   6.206502e-01
   #     +    9:      0.430467     4.739533e-08   6.583819e-01
   #     +   10:       0.38742     4.984394e-08   6.923962e-01
   #     ++++ Accept Best: Accepting step 1, Rate = 2.226660e-01.
   #     ++++ Line Search converged.
   #   10:    1.602919e-08    2.226660e-01

      % %%%%%%%%             BiCGStab              %%%%%%%%%%%
      % %%%%%%%%   (Precond: Geometric MultiGrid)  %%%%%%%%%%%
      %   Iter      Defect         Rate 
      %    0:    1.602919e-08      -------
      %    1:    1.182159e-17    7.375041e-10
      % Absolute defect norm 5.000000e-12 reached after 1 steps.
      % Relative reduction 1.000000e-02 reached after 1 steps.
      % Average reduction over 1 steps: 7.375041e-10
      % %%%%%  Iteration converged  %%%%%

   #     ++++ Line Search:
   +  Iter       lambda        Defect          Rate 
   #     +    1:             1     3.738854e-09   2.332528e-01
   #     +    2:           0.9     4.840918e-09   3.020064e-01
   #     +    3:          0.81     5.896102e-09   3.678354e-01
   #     +    4:         0.729     6.873463e-09   4.288092e-01
   #     +    5:        0.6561     7.767038e-09   4.845559e-01
   #     +    6:       0.59049     8.579015e-09   5.352121e-01
   #     +    7:      0.531441     9.314430e-09   5.810918e-01
   #     +    8:      0.478297     9.979225e-09   6.225659e-01
   #     +    9:      0.430467     1.057946e-08   6.600123e-01
   #     +   10:       0.38742     1.112097e-08   6.937952e-01
   #     ++++ Accept Best: Accepting step 1, Rate = 2.332528e-01.
   #     ++++ Line Search converged.
   #   11:    3.738854e-09    2.332528e-01

      % %%%%%%%%             BiCGStab              %%%%%%%%%%%
      % %%%%%%%%   (Precond: Geometric MultiGrid)  %%%%%%%%%%%
      %   Iter      Defect         Rate 
      %    0:    3.738854e-09      -------
      %    1:    6.900916e-18    1.845730e-09
      % Absolute defect norm 5.000000e-12 reached after 1 steps.
      % Relative reduction 1.000000e-02 reached after 1 steps.
      % Average reduction over 1 steps: 1.845730e-09
      % %%%%%  Iteration converged  %%%%%

   #     ++++ Line Search:
   +  Iter       lambda        Defect          Rate 
   #     +    1:             1     9.268346e-10   2.478927e-01
   #     +    2:           0.9     1.173224e-09   3.137924e-01
   #     +    3:          0.81     1.411776e-09   3.775959e-01
   #     +    4:         0.729     1.634132e-09   4.370676e-01
   #     +    5:        0.6561     1.838201e-09   4.916484e-01
   #     +    6:       0.59049     2.024093e-09   5.413673e-01
   #     +    7:      0.531441     2.192741e-09   5.864741e-01
   #     +    8:      0.478297     2.345377e-09   6.272984e-01
   #     +    9:      0.430467     2.483313e-09   6.641911e-01
   #     +   10:       0.38742     2.607840e-09   6.974971e-01
   #     ++++ Accept Best: Accepting step 1, Rate = 2.478927e-01.
   #     ++++ Line Search converged.
   #   12:    9.268346e-10    2.478927e-01

      % %%%%%%%%             BiCGStab              %%%%%%%%%%%
      % %%%%%%%%   (Precond: Geometric MultiGrid)  %%%%%%%%%%%
      %   Iter      Defect         Rate 
      %    0:    9.268346e-10      -------
      %    1:    5.556199e-18    5.994812e-09
      % Absolute defect norm 5.000000e-12 reached after 1 steps.
      % Relative reduction 1.000000e-02 reached after 1 steps.
      % Average reduction over 1 steps: 5.994812e-09
      % %%%%%  Iteration converged  %%%%%

   #     ++++ Line Search:
   +  Iter       lambda        Defect          Rate 
   #     +    1:             1     2.381298e-10   2.569280e-01
   #     +    2:           0.9     2.982541e-10   3.217986e-01
   #     +    3:          0.81     3.565063e-10   3.846494e-01
   #     +    4:         0.729     4.108629e-10   4.432969e-01
   #     +    5:        0.6561     4.607930e-10   4.971685e-01
   #     +    6:       0.59049     5.063050e-10   5.462733e-01
   #     +    7:      0.531441     5.476150e-10   5.908444e-01
   #     +    8:      0.478297     5.850168e-10   6.311987e-01
   #     +    9:      0.430467     6.188261e-10   6.676769e-01
   #     +   10:       0.38742     6.493552e-10   7.006161e-01
   #     ++++ Accept Best: Accepting step 1, Rate = 2.569280e-01.
   #     ++++ Line Search converged.
   #   13:    2.381298e-10    2.569280e-01

      % %%%%%%%%             BiCGStab              %%%%%%%%%%%
      % %%%%%%%%   (Precond: Geometric MultiGrid)  %%%%%%%%%%%
      %   Iter      Defect         Rate 
      %    0:    2.381298e-10      -------
      %    1:    1.505940e-18    6.324030e-09
      % Absolute defect norm 5.000000e-12 reached after 1 steps.
      % Relative reduction 1.000000e-02 reached after 1 steps.
      % Average reduction over 1 steps: 6.324030e-09
      % %%%%%  Iteration converged  %%%%%

   #     ++++ Line Search:
   +  Iter       lambda        Defect          Rate 
   #     +    1:             1     6.034538e-11   2.534138e-01
   #     +    2:           0.9     7.622160e-11   3.200843e-01
   #     +    3:          0.81     9.141855e-11   3.839022e-01
   #     +    4:         0.729     1.055139e-10   4.430941e-01
   #     +    5:        0.6561     1.184173e-10   4.972804e-01
   #     +    6:       0.59049     1.301539e-10   5.465672e-01
   #     +    7:      0.531441     1.407920e-10   5.912405e-01
   #     +    8:      0.478297     1.504141e-10   6.316473e-01
   #     +    9:      0.430467     1.591056e-10   6.681466e-01
   #     +   10:       0.38742     1.669497e-10   7.010868e-01
   #     ++++ Accept Best: Accepting step 1, Rate = 2.534138e-01.
   #     ++++ Line Search converged.
   #   14:    6.034538e-11    2.534138e-01

      % %%%%%%%%             BiCGStab              %%%%%%%%%%%
      % %%%%%%%%   (Precond: Geometric MultiGrid)  %%%%%%%%%%%
      %   Iter      Defect         Rate 
      %    0:    6.034538e-11      -------
      %    1:    3.250246e-17    5.386073e-07
      % Absolute defect norm 5.000000e-12 reached after 1 steps.
      % Relative reduction 1.000000e-02 reached after 1 steps.
      % Average reduction over 1 steps: 5.386073e-07
      % %%%%%  Iteration converged  %%%%%

   #     ++++ Line Search:
   +  Iter       lambda        Defect          Rate 
   #     +    1:             1     1.493678e-11   2.475215e-01
   #     +    2:           0.9     1.910523e-11   3.165981e-01
   #     +    3:          0.81     2.303718e-11   3.817554e-01
   #     +    4:         0.729     2.665735e-11   4.417463e-01
   #     +    5:        0.6561     2.995749e-11   4.964339e-01
   #     +    6:       0.59049     3.295138e-11   5.460465e-01
   #     +    7:      0.531441     3.566027e-11   5.909362e-01
   #     +    8:      0.478297     3.810743e-11   6.314887e-01
   #     +    9:      0.430467     4.031593e-11   6.680865e-01
   #     +   10:       0.38742     4.230772e-11   7.010930e-01
   #     ++++ Accept Best: Accepting step 1, Rate = 2.475215e-01.
   #     ++++ Line Search converged.
   #   15:    1.493678e-11    2.475215e-01

      % %%%%%%%%             BiCGStab              %%%%%%%%%%%
      % %%%%%%%%   (Precond: Geometric MultiGrid)  %%%%%%%%%%%
      %   Iter      Defect         Rate 
      %    0:    1.493678e-11      -------
      %    1:    5.235897e-18    3.505372e-07
      % Absolute defect norm 5.000000e-12 reached after 1 steps.
      % Relative reduction 1.000000e-02 reached after 1 steps.
      % Average reduction over 1 steps: 3.505372e-07
      % %%%%%  Iteration converged  %%%%%

   #     ++++ Line Search:
   +  Iter       lambda        Defect          Rate 
   #     +    1:             1     3.598409e-12   2.409093e-01
   #     +    2:           0.9     4.662470e-12   3.121469e-01
   #     +    3:          0.81     5.654432e-12   3.785576e-01
   #     +    4:         0.729     6.562372e-12   4.393432e-01
   #     +    5:        0.6561     7.387266e-12   4.945689e-01
   #     +    6:       0.59049     8.134031e-12   5.445639e-01
   #     +    7:      0.531441     8.808750e-12   5.897355e-01
   #     +    8:      0.478297     9.417668e-12   6.305019e-01
   #     +    9:      0.430467     9.966800e-12   6.672656e-01
   #     +   10:       0.38742     1.046177e-11   7.004034e-01
   #     ++++ Accept Best: Accepting step 1, Rate = 2.409093e-01.
   #     ++++ Line Search converged.
   #   16:    3.598409e-12    2.409093e-01
   # Absolute defect norm 1.000000e-11 reached after 16 steps.
   # Average reduction over 16 steps: 2.371338e-01
   # #####  Iteration converged  #####

>> Newton Solver done.
p1: 0.11427463476107
p2: 0.0010953670890711
C_D - ref.CD: -5.198e-02
C_L - ref.CL: -6.199e-03
Delta_P - ref.DeltaP: -4.341e-03


